    Hinst Name              Module Name                                                                                                                                                                        Inst Count           Total Area
-------------------------------------------------------------------------------------------------------------------------------------------------------------------------------------------------------------------------------------------
et4351                                                                                                                                                                                                              85895           300906.169
 accel                      accelerator                                                                                                                                                                             58880           181432.026
  accel/fft                 accelerator_fft_LOG_MAX_N32_MEM_WIDTH32_ADDR_WIDTH7                                                                                                                                     45575           127173.042
  accel/mem                 accelerator_mem_MEM_DEPTH128                                                                                                                                                            11351            48124.872
 flash_bufs_0_              bidir_buf_2301                                                                                                                                                                              3               19.494
 flash_bufs_1_              bidir_buf_2302                                                                                                                                                                              6               19.152
 flash_bufs_2_              bidir_buf_2303                                                                                                                                                                              3               20.862
 flash_bufs_3_              bidir_buf                                                                                                                                                                                   2               17.784
 soc                        picosoc                                                                                                                                                                                 26946           119140.351
  soc/cpu                   picorv32_ENABLE_COUNTERS1_BARREL_SHIFTER1_COMPRESSED_ISA1_ENABLE_MUL1_ENABLE_FAST_MUL0_ENABLE_DIV1_ENABLE_IRQ1_ENABLE_IRQ_QREGS0_PROGADDR_RESET1048576_PROGADDR_IRQ0_STACKADDR1024      23055            71730.396
   soc/cpu/genblk1.pcpi_mul picorv32_pcpi_mul                                                                                                                                                                        1973             7958.340
   soc/cpu/genblk2.pcpi_div picorv32_pcpi_div                                                                                                                                                                        2326             7337.952
  soc/memory                picosoc_mem_WORDS256                                                                                                                                                                      159            35102.059
  soc/simpleuart            simpleuart                                                                                                                                                                               1330             5111.874
  soc/spimemio              spimemio                                                                                                                                                                                 1827             5850.252
   soc/spimemio/xfer        spimemio_xfer                                                                                                                                                                             578             1812.942
