*----------------------------------------------------------------------------------------
*	Innovus 21.11-s130_1 (64bit) 08/19/2021 16:59 (Linux 3.10.0-693.el7.x86_64)
*	
*
* 	Date & Time:	2026-Mar-19 13:31:50 (2026-Mar-19 12:31:50 GMT)
*
*----------------------------------------------------------------------------------------
*
*	Design: et4351
*
*	Liberty Libraries used: 
*	        analysis_view_power: /home/nfs/shanghonglin/project/pnr/checkpoints/et4351_done.enc.dat/libs/mmmc/fast_vdd1v2_basicCells.lib
*	        analysis_view_power: /home/nfs/shanghonglin/project/pnr/checkpoints/et4351_done.enc.dat/libs/mmmc/saed32sram_tt1p05v125c.lib
*
*	Power Domain used: 
*              Rail:        VDD      Voltage:       1.32 
*
*       Power View : analysis_view_power
*
*       User-Defined Activity : N.A.
*
*	Switching Activity File used: 
*	        ../sim_phys/vcd/et4351.phys.hold.vcd
*                    Vcd Window used(Start Time, Stop Time):   
*                     Vcd Scale Factor: 1 
* *                    Design annotation coverage: 0/53320 = 0% 
*
*       Hierarchical Global Activity: N.A.
*
*       Global Activity: N.A.
*
*       Sequential Element Activity: N.A.
*
*       Primary Input Activity: N.A.
*
*       Default icg ratio: N.A.
*
*       Global Comb ClockGate Ratio: N.A.
*
*	Power Units = 1mW
*
*	Time Units = 1e-09 secs 
*
*       report_power -outfile finalReports/report_power_postRouteVCD.rpt -hierarchy all
*
-----------------------------------------------------------------------------------------


Total Power 
-----------------------------------------------------------------------------------------
Total Internal Power:        0.41017551 	   74.0599%
Total Switching Power:       0.12006559 	   21.6786%
Total Leakage Power:         0.02360208 	    4.2615%
Total Power:                 0.55384318 
-----------------------------------------------------------------------------------------


Group                           Internal   Switching     Leakage       Total  Percentage 
                                Power      Power         Power         Power  (%)        
-----------------------------------------------------------------------------------------
Sequential                        0.3529   0.0004283     0.00585      0.3592       64.86 
Macro                          6.197e-06   1.092e-05           0   1.712e-05    0.003091 
IO                                     0           0   2.604e-07   2.604e-07   4.702e-05 
Combinational                    0.00761    0.006761     0.01754     0.03191       5.762 
Clock (Combinational)            0.04963      0.1129   0.0002126      0.1627       29.38 
Clock (Sequential)                     0           0           0           0           0 
-----------------------------------------------------------------------------------------
Total                             0.4102      0.1201      0.0236      0.5538         100 
-----------------------------------------------------------------------------------------


Clock                           Internal   Switching     Leakage       Total  Percentage 
                                Power      Power         Power         Power  (%)        
-----------------------------------------------------------------------------------------
clk                              0.04963      0.1129   0.0002126      0.1627       29.38 
-----------------------------------------------------------------------------------------
Total (excluding duplicates)     0.04963      0.1129   0.0002126      0.1627       29.38 
-----------------------------------------------------------------------------------------
Clock: clk
Clock Period: 0.083330 usec 
Clock Toggle Rate:    23.8044 Mhz 
Clock Static Probability:  0.4999



Rail                  Voltage   Internal   Switching     Leakage       Total  Percentage 
                                Power      Power         Power         Power  (%)        
-----------------------------------------------------------------------------------------
VDD                      1.32     0.4102      0.1201      0.0236      0.5538         100 


Total Power 
-----------------------------------------------------------------------------------------
Total Internal Power:        0.41017551 	   74.0599%
Total Switching Power:       0.12006559 	   21.6786%
Total Leakage Power:         0.02360208 	    4.2615%
Total Power:                 0.55384318 
-----------------------------------------------------------------------------------------


Hierarchy                       Internal   Switching     Leakage       Total  Percentage 
                                Power      Power         Power         Power  (%)        
-----------------------------------------------------------------------------------------
accel                             0.2591     0.06291     0.01266      0.3347       60.43  
soc                               0.1443     0.04184     0.01089       0.197       35.57  
flash_bufs_0_                  8.868e-06   1.938e-05   2.923e-06   3.117e-05    0.005628  
flash_bufs_1_                          0   0.0001132   2.535e-06   0.0001157     0.02089  
flash_bufs_2_                          0           0   3.762e-06   3.762e-06   0.0006792  
flash_bufs_3_                          0           0   2.535e-06   2.535e-06   0.0004577  
accel/fft                        0.02374    0.003189    0.004817     0.03175       5.732  
accel/mem                         0.2235      0.0503    0.007131      0.2809       50.72  
soc/cpu                           0.1143     0.02717      0.0095       0.151       27.26  
soc/simpleuart                   0.01129    0.001345   0.0006003     0.01323        2.39  
soc/spimemio                     0.01471    0.004987   0.0006666     0.02036       3.676  
soc/memory                     7.572e-06   2.257e-05   2.252e-06   3.239e-05    0.005849  
soc/cpu/genblk1.pcpi_mul         0.01218   4.022e-05   0.0009206     0.01314       2.372  
soc/cpu/genblk2.pcpi_div        0.009629   5.378e-06   0.0008562     0.01049       1.894  
soc/spimemio/xfer               0.005504    0.001997   0.0001949    0.007696        1.39  


-----------------------------------------------------------------------------------------
*	Power Distribution Summary: 
*                Highest Average Power: soc/cpu/CTS_cpc_drv_buf_00376 (CLKBUFX20):         0.001921 
*                Highest Leakage Power:     CTS_cpc_drv_buf_00354 (CLKBUFX20):         2.21e-06 
*          Total Cap:      1.97836e-10 F
*          Total instances in design: 50544
*          Total instances in design with no power:     0
*          Total instances in design with no activity:     0
*          Total Fillers and Decap:     0
-----------------------------------------------------------------------------------------

