    Hinst Name              Module Name                                                                                                                                                                        Inst Count           Total Area
-------------------------------------------------------------------------------------------------------------------------------------------------------------------------------------------------------------------------------------------
et4351                                                                                                                                                                                                              92499           322724.059
 accel                      accelerator                                                                                                                                                                             66110           206969.508
  accel/fft                 accelerator_fft_LOG_MAX_N32_MEM_WIDTH32_ADDR_WIDTH6_NUM_TW16                                                                                                                            43730           132655.302
  accel/mem                 accelerator_mem_MEM_DEPTH64                                                                                                                                                             12780            47519.190
 flash_bufs_0_              bidir_buf_2773                                                                                                                                                                              2               17.784
 flash_bufs_1_              bidir_buf_2774                                                                                                                                                                              5               24.966
 flash_bufs_2_              bidir_buf_2775                                                                                                                                                                              3               27.702
 flash_bufs_3_              bidir_buf                                                                                                                                                                                   2               17.784
 soc                        picosoc                                                                                                                                                                                 26320           115366.039
  soc/cpu                   picorv32_ENABLE_COUNTERS1_BARREL_SHIFTER1_COMPRESSED_ISA1_ENABLE_MUL1_ENABLE_FAST_MUL0_ENABLE_DIV1_ENABLE_IRQ1_ENABLE_IRQ_QREGS0_PROGADDR_RESET1048576_PROGADDR_IRQ0_STACKADDR1024      22663            68451.300
   soc/cpu/genblk1.pcpi_mul picorv32_pcpi_mul                                                                                                                                                                        2647             8304.786
   soc/cpu/genblk2.pcpi_div picorv32_pcpi_div                                                                                                                                                                        2227             7396.776
  soc/memory                picosoc_mem_WORDS256                                                                                                                                                                       85            34825.723
  soc/simpleuart            simpleuart                                                                                                                                                                               1378             4732.254
  soc/spimemio              spimemio                                                                                                                                                                                 1453             5406.336
   soc/spimemio/xfer        spimemio_xfer                                                                                                                                                                             426             1502.748
