*----------------------------------------------------------------------------------------
*	Innovus 21.11-s130_1 (64bit) 08/19/2021 16:59 (Linux 3.10.0-693.el7.x86_64)
*	
*
* 	Date & Time:	2026-Mar-18 22:01:26 (2026-Mar-18 21:01:26 GMT)
*
*----------------------------------------------------------------------------------------
*
*	Design: et4351
*
*	Liberty Libraries used: 
*	        analysis_view_power: /data/Cadence/gpdk045_v60/gsclib045_svt_v4.7/gsclib045/timing/fast_vdd1v2_basicCells.lib
*	        analysis_view_power: /data/Cadence/gpdk045_v60/Synopsys_sram/saed32sram_tt1p05v125c.lib
*
*	Power Domain used: 
*              Rail:        VDD      Voltage:       1.32 
*
*       Power View : analysis_view_power
*
*       User-Defined Activity : N.A.
*
*	Switching Activity File used: 
*	        ../sim_struct/vcd/et4351.struct.vcd
*                    Vcd Window used(Start Time, Stop Time):   
*                     Vcd Scale Factor: 1 
* *                    Design annotation coverage: 0/95799 = 0% 
*
*       Hierarchical Global Activity: N.A.
*
*       Global Activity: N.A.
*
*       Sequential Element Activity: N.A.
*
*       Primary Input Activity: N.A.
*
*       Default icg ratio: N.A.
*
*       Global Comb ClockGate Ratio: N.A.
*
*	Power Units = 1mW
*
*	Time Units = 1e-09 secs 
*
*       report_power -outfile finalReports/report_power.rpt -hierarchy all
*
-----------------------------------------------------------------------------------------


Total Power 
-----------------------------------------------------------------------------------------
Total Internal Power:        0.51135242 	   71.8032%
Total Switching Power:       0.16536449 	   23.2202%
Total Leakage Power:         0.03544098 	    4.9766%
Total Power:                 0.71215790 
-----------------------------------------------------------------------------------------


Group                           Internal   Switching     Leakage       Total  Percentage 
                                Power      Power         Power         Power  (%)        
-----------------------------------------------------------------------------------------
Sequential                        0.4405    0.000766    0.007411      0.4486          63 
Macro                          5.249e-05   7.491e-06           0   5.998e-05    0.008423 
IO                                     0           0   2.028e-07   2.028e-07   2.848e-05 
Combinational                   0.009008     0.01413     0.02777     0.05091       7.148 
Clock (Combinational)            0.06183      0.1505   0.0002611      0.2125       29.85 
Clock (Sequential)                     0           0           0           0           0 
-----------------------------------------------------------------------------------------
Total                             0.5114      0.1654     0.03544      0.7122         100 
-----------------------------------------------------------------------------------------


Clock                           Internal   Switching     Leakage       Total  Percentage 
                                Power      Power         Power         Power  (%)        
-----------------------------------------------------------------------------------------
clk                              0.06183      0.1505   0.0002611      0.2125       29.85 
-----------------------------------------------------------------------------------------
Total (excluding duplicates)     0.06183      0.1505   0.0002611      0.2125       29.85 
-----------------------------------------------------------------------------------------
Clock: clk
Clock Period: 0.020830 usec 
Clock Toggle Rate:    23.9682 Mhz 
Clock Static Probability:  0.4997



Rail                  Voltage   Internal   Switching     Leakage       Total  Percentage 
                                Power      Power         Power         Power  (%)        
-----------------------------------------------------------------------------------------
VDD                      1.32     0.5114      0.1654     0.03544      0.7122         100 


Total Power 
-----------------------------------------------------------------------------------------
Total Internal Power:        0.51135242 	   71.8032%
Total Switching Power:       0.16536449 	   23.2202%
Total Leakage Power:         0.03544098 	    4.9766%
Total Power:                 0.71215790 
-----------------------------------------------------------------------------------------


Hierarchy                       Internal   Switching     Leakage       Total  Percentage 
                                Power      Power         Power         Power  (%)        
-----------------------------------------------------------------------------------------
accel                             0.3527     0.08746     0.02543      0.4656       65.38  
soc                               0.1477     0.05053    0.009935      0.2082       29.23  
flash_bufs_0_                  2.861e-06   8.797e-06   2.019e-06   1.368e-05    0.001921  
flash_bufs_1_                          0   0.0001198   2.631e-06   0.0001224     0.01719  
flash_bufs_2_                          0           0   2.535e-06   2.535e-06   0.0003559  
flash_bufs_3_                          0           0   1.631e-06   1.631e-06    0.000229  
accel/fft                         0.1761     0.04293     0.01665      0.2356       33.09  
accel/mem                         0.1138     0.02749    0.005357      0.1467       20.59  
soc/cpu                            0.118     0.03397    0.008451      0.1605       22.53  
soc/simpleuart                   0.01161    0.002998   0.0005649     0.01517       2.131  
soc/spimemio                     0.01465    0.005441   0.0006161      0.0207       2.907  
soc/memory                     9.156e-05   4.185e-05   3.045e-05   0.0001639     0.02301  
soc/cpu/genblk1.pcpi_mul         0.01242   0.0001326    0.001017     0.01357       1.905  
soc/cpu/genblk2.pcpi_div         0.01002   1.462e-05   0.0008777     0.01092       1.533  
soc/spimemio/xfer               0.005855      0.0033   0.0001708    0.009326        1.31  


-----------------------------------------------------------------------------------------
*	Power Distribution Summary: 
*                Highest Average Power: soc/cpu/CTS_ccl_a_buf_00022 (CLKBUFX20):         0.002105 
*                Highest Leakage Power: accel/fft/FE_OFC753_n_2958 (BUFX20):        2.293e-06 
*          Total Cap:      4.52853e-10 F
*          Total instances in design: 92499
*          Total instances in design with no power:     0
*          Total instances in design with no activity:     0
*          Total Fillers and Decap:     0
-----------------------------------------------------------------------------------------

