    Hinst Name              Module Name                                                                                                                                                                        Inst Count           Total Area
-------------------------------------------------------------------------------------------------------------------------------------------------------------------------------------------------------------------------------------------
et4351                                                                                                                                                                                                              76399           293471.431
 accel                      accelerator                                                                                                                                                                             47611           166149.414
  accel/fft                 accelerator_fft_LOG_MAX_N32_MEM_WIDTH24_ADDR_WIDTH6_NUM_TW16                                                                                                                            30381           102893.436
  accel/mem                 accelerator_mem_MEM_DEPTH64_DATA_WIDTH24                                                                                                                                                 9671            40070.088
 flash_bufs_0_              bidir_buf_2688                                                                                                                                                                              3               27.702
 flash_bufs_1_              bidir_buf_2689                                                                                                                                                                             10               24.624
 flash_bufs_2_              bidir_buf_2690                                                                                                                                                                             16               43.776
 flash_bufs_3_              bidir_buf                                                                                                                                                                                   8               36.252
 soc                        picosoc                                                                                                                                                                                 28705           126955.735
  soc/cpu                   picorv32_ENABLE_COUNTERS1_BARREL_SHIFTER1_COMPRESSED_ISA1_ENABLE_MUL1_ENABLE_FAST_MUL0_ENABLE_DIV1_ENABLE_IRQ1_ENABLE_IRQ_QREGS0_PROGADDR_RESET1048576_PROGADDR_IRQ0_STACKADDR1024      25293            80740.728
   soc/cpu/genblk1.pcpi_mul picorv32_pcpi_mul                                                                                                                                                                        2285             7950.474
   soc/cpu/genblk2.pcpi_div picorv32_pcpi_div                                                                                                                                                                        1933             7504.848
  soc/memory                picosoc_mem_WORDS256                                                                                                                                                                       18            34555.201
  soc/simpleuart            simpleuart                                                                                                                                                                               1435             5018.850
  soc/spimemio              spimemio                                                                                                                                                                                 1504             5488.074
   soc/spimemio/xfer        spimemio_xfer                                                                                                                                                                             471             1712.394
