*----------------------------------------------------------------------------------------
*	Innovus 21.11-s130_1 (64bit) 08/19/2021 16:59 (Linux 3.10.0-693.el7.x86_64)
*	
*
* 	Date & Time:	2026-Mar-22 23:03:02 (2026-Mar-22 22:03:02 GMT)
*
*----------------------------------------------------------------------------------------
*
*	Design: et4351
*
*	Liberty Libraries used: 
*	        analysis_view_power: /data/Cadence/gpdk045_v60/gsclib045_svt_v4.7/gsclib045/timing/fast_vdd1v2_basicCells.lib
*	        analysis_view_power: /data/Cadence/gpdk045_v60/Synopsys_sram/saed32sram_tt1p05v125c.lib
*
*	Power Domain used: 
*              Rail:        VDD      Voltage:       1.32 
*
*       Power View : analysis_view_power
*
*       User-Defined Activity : N.A.
*
*	Switching Activity File used: 
*	        ../sim_struct/vcd/et4351.struct.vcd
*                    Vcd Window used(Start Time, Stop Time):   
*                     Vcd Scale Factor: 1 
* *                    Design annotation coverage: 0/74201 = 0% 
*
*       Hierarchical Global Activity: N.A.
*
*       Global Activity: N.A.
*
*       Sequential Element Activity: N.A.
*
*       Primary Input Activity: N.A.
*
*       Default icg ratio: N.A.
*
*       Global Comb ClockGate Ratio: N.A.
*
*	Power Units = 1mW
*
*	Time Units = 1e-09 secs 
*
*       report_power -outfile powerReports/postCTSHold.rpt
*
-----------------------------------------------------------------------------------------


Total Power 
-----------------------------------------------------------------------------------------
Total Internal Power:        0.41100114 	   73.6864%
Total Switching Power:       0.11689441 	   20.9574%
Total Leakage Power:         0.02987532 	    5.3562%
Total Power:                 0.55777087 
-----------------------------------------------------------------------------------------


Group                           Internal   Switching     Leakage       Total  Percentage 
                                Power      Power         Power         Power  (%)        
-----------------------------------------------------------------------------------------
Sequential                        0.3522   0.0005504    0.005886      0.3586        64.3 
Macro                          2.927e-05   2.542e-05           0   5.469e-05    0.009805 
IO                                     0           0   2.466e-07   2.466e-07   4.421e-05 
Combinational                   0.009524    0.008864     0.02378     0.04217        7.56 
Clock (Combinational)            0.04926      0.1075   0.0002087      0.1569       28.13 
Clock (Sequential)                     0           0           0           0           0 
-----------------------------------------------------------------------------------------
Total                              0.411      0.1169     0.02988      0.5578         100 
-----------------------------------------------------------------------------------------


Rail                  Voltage   Internal   Switching     Leakage       Total  Percentage 
                                Power      Power         Power         Power  (%)        
-----------------------------------------------------------------------------------------
VDD                      1.32      0.411      0.1169     0.02988      0.5578         100 


Clock                           Internal   Switching     Leakage       Total  Percentage 
                                Power      Power         Power         Power  (%)        
-----------------------------------------------------------------------------------------
clk                              0.04926      0.1075   0.0002087      0.1569       28.13 
-----------------------------------------------------------------------------------------
Total (excluding duplicates)     0.04926      0.1075   0.0002087      0.1569       28.13 
-----------------------------------------------------------------------------------------
Clock: clk
Clock Period: 0.020830 usec 
Clock Toggle Rate:    23.9682 Mhz 
Clock Static Probability:  0.4997



-----------------------------------------------------------------------------------------
*	Power Distribution Summary: 
*                Highest Average Power: soc/cpu/CTS_ccl_a_buf_00028 (CLKBUFX20):         0.001793 
*                Highest Leakage Power:       CTS_ccl_a_buf_00009 (CLKBUFX20):         2.21e-06 
*          Total Cap:      2.62697e-10 F
*          Total instances in design: 71507
*          Total instances in design with no power:     0
*          Total instances in design with no activity:     0
*          Total Fillers and Decap:     0
-----------------------------------------------------------------------------------------

